// Jest Snapshot v1, https://goo.gl/fbAQLP

exports[`<BannerSlider /> should render the heading 1`] = `
<main
  class=""
>
  <h1>
    BannerSlider
  </h1>
</main>
`;
